// Vitest Snapshot v1, https://vitest.dev/guide/snapshot.html

exports[`yaml string parse 1`] = `
{
  "args": {
    "format": "YYYY-MM-DD HH:mm:ss",
  },
  "key": "date-time",
}
`;
